{
    "findTADs": {
        "content": [
            {
                "0": [
                    [
                        "test",
                        "test_boundaries.bed:md5,547c31d808bade66992942bdaf79777f",
                        "test_boundaries.gff:md5,373c2995d81399bba5e9c04bcbd3efbb",
                        "test_domains.bed:md5,7a931ff299d8d779afc2ad54a98a4b4c",
                        "test_score.bedgraph:md5,e4179342b23fe8ce1fadcf871caac433",
                        "test_tad_score.bm:md5,69766b3bf41ebd64f4bf45714707dff2"
                    ]
                ]
            }
        ],
        "meta": {
            "nf-test": "0.9.2",
            "nextflow": "25.04.6"
        },
        "timestamp": "2025-07-11T19:13:09.902896692"
    }
}